[2025-06-29T16:58:46.169+0530][gc] Using G1
[2025-06-29T16:58:46.170+0530][gc,init] Version: 17.0.10+11-LTS-240 (release)
[2025-06-29T16:58:46.170+0530][gc,init] CPUs: 8 total, 8 available
[2025-06-29T16:58:46.170+0530][gc,init] Memory: 16384M
[2025-06-29T16:58:46.170+0530][gc,init] Large Page Support: Disabled
[2025-06-29T16:58:46.170+0530][gc,init] NUMA Support: Disabled
[2025-06-29T16:58:46.170+0530][gc,init] Compressed Oops: Enabled (Zero based)
[2025-06-29T16:58:46.170+0530][gc,init] Heap Region Size: 1M
[2025-06-29T16:58:46.170+0530][gc,init] Heap Min Capacity: 1G
[2025-06-29T16:58:46.170+0530][gc,init] Heap Initial Capacity: 1G
[2025-06-29T16:58:46.170+0530][gc,init] Heap Max Capacity: 1G
[2025-06-29T16:58:46.170+0530][gc,init] Pre-touch: Disabled
[2025-06-29T16:58:46.170+0530][gc,init] Parallel Workers: 8
[2025-06-29T16:58:46.170+0530][gc,init] Concurrent Workers: 2
[2025-06-29T16:58:46.170+0530][gc,init] Concurrent Refinement Workers: 8
[2025-06-29T16:58:46.170+0530][gc,init] Periodic GC: Disabled
[2025-06-29T16:58:46.173+0530][gc,metaspace] CDS archive(s) mapped at: [0x000000a800000000-0x000000a800be0000-0x000000a800be0000), size 12451840, SharedBaseAddress: 0x000000a800000000, ArchiveRelocationMode: 1.
[2025-06-29T16:58:46.173+0530][gc,metaspace] Compressed class space mapped at: 0x000000a801000000-0x000000a841000000, reserved size: 1073741824
[2025-06-29T16:58:46.173+0530][gc,metaspace] Narrow klass base: 0x000000a800000000, Narrow klass shift: 0, Narrow klass range: 0x100000000
[2025-06-29T16:58:46.773+0530][gc,start    ] GC(0) Pause Young (Normal) (G1 Evacuation Pause)
[2025-06-29T16:58:46.773+0530][gc,task     ] GC(0) Using 8 workers of 8 for evacuation
[2025-06-29T16:58:46.776+0530][gc,phases   ] GC(0)   Pre Evacuate Collection Set: 0.1ms
[2025-06-29T16:58:46.776+0530][gc,phases   ] GC(0)   Merge Heap Roots: 0.0ms
[2025-06-29T16:58:46.776+0530][gc,phases   ] GC(0)   Evacuate Collection Set: 2.1ms
[2025-06-29T16:58:46.776+0530][gc,phases   ] GC(0)   Post Evacuate Collection Set: 0.2ms
[2025-06-29T16:58:46.776+0530][gc,phases   ] GC(0)   Other: 0.2ms
[2025-06-29T16:58:46.776+0530][gc,heap     ] GC(0) Eden regions: 51->0(44)
[2025-06-29T16:58:46.776+0530][gc,heap     ] GC(0) Survivor regions: 0->7(7)
[2025-06-29T16:58:46.776+0530][gc,heap     ] GC(0) Old regions: 0->0
[2025-06-29T16:58:46.776+0530][gc,heap     ] GC(0) Archive regions: 2->2
[2025-06-29T16:58:46.776+0530][gc,heap     ] GC(0) Humongous regions: 0->0
[2025-06-29T16:58:46.776+0530][gc,metaspace] GC(0) Metaspace: 19076K(19328K)->19076K(19328K) NonClass: 16746K(16896K)->16746K(16896K) Class: 2329K(2432K)->2329K(2432K)
[2025-06-29T16:58:46.776+0530][gc          ] GC(0) Pause Young (Normal) (G1 Evacuation Pause) 51M->7M(1024M) 2.752ms
[2025-06-29T16:58:46.776+0530][gc,cpu      ] GC(0) User=0.02s Sys=0.00s Real=0.00s
[2025-06-29T16:58:46.857+0530][gc,start    ] GC(1) Pause Young (Concurrent Start) (Metadata GC Threshold)
[2025-06-29T16:58:46.857+0530][gc,task     ] GC(1) Using 8 workers of 8 for evacuation
[2025-06-29T16:58:46.861+0530][gc,phases   ] GC(1)   Pre Evacuate Collection Set: 0.1ms
[2025-06-29T16:58:46.861+0530][gc,phases   ] GC(1)   Merge Heap Roots: 0.0ms
[2025-06-29T16:58:46.861+0530][gc,phases   ] GC(1)   Evacuate Collection Set: 3.1ms
[2025-06-29T16:58:46.861+0530][gc,phases   ] GC(1)   Post Evacuate Collection Set: 0.2ms
[2025-06-29T16:58:46.861+0530][gc,phases   ] GC(1)   Other: 0.1ms
[2025-06-29T16:58:46.861+0530][gc,heap     ] GC(1) Eden regions: 10->0(50)
[2025-06-29T16:58:46.861+0530][gc,heap     ] GC(1) Survivor regions: 7->1(7)
[2025-06-29T16:58:46.861+0530][gc,heap     ] GC(1) Old regions: 0->7
[2025-06-29T16:58:46.861+0530][gc,heap     ] GC(1) Archive regions: 2->2
[2025-06-29T16:58:46.861+0530][gc,heap     ] GC(1) Humongous regions: 0->0
[2025-06-29T16:58:46.861+0530][gc,metaspace] GC(1) Metaspace: 21327K(21504K)->21327K(21504K) NonClass: 18742K(18816K)->18742K(18816K) Class: 2585K(2688K)->2585K(2688K)
[2025-06-29T16:58:46.861+0530][gc          ] GC(1) Pause Young (Concurrent Start) (Metadata GC Threshold) 17M->8M(1024M) 3.568ms
[2025-06-29T16:58:46.861+0530][gc,cpu      ] GC(1) User=0.01s Sys=0.01s Real=0.01s
[2025-06-29T16:58:46.861+0530][gc          ] GC(2) Concurrent Mark Cycle
[2025-06-29T16:58:46.861+0530][gc,marking  ] GC(2) Concurrent Clear Claimed Marks
[2025-06-29T16:58:46.861+0530][gc,marking  ] GC(2) Concurrent Clear Claimed Marks 0.009ms
[2025-06-29T16:58:46.861+0530][gc,marking  ] GC(2) Concurrent Scan Root Regions
[2025-06-29T16:58:46.862+0530][gc,marking  ] GC(2) Concurrent Scan Root Regions 1.398ms
[2025-06-29T16:58:46.862+0530][gc,marking  ] GC(2) Concurrent Mark
[2025-06-29T16:58:46.862+0530][gc,marking  ] GC(2) Concurrent Mark From Roots
[2025-06-29T16:58:46.862+0530][gc,task     ] GC(2) Using 2 workers of 2 for marking
[2025-06-29T16:58:46.863+0530][gc,marking  ] GC(2) Concurrent Mark From Roots 0.549ms
[2025-06-29T16:58:46.863+0530][gc,marking  ] GC(2) Concurrent Preclean
[2025-06-29T16:58:46.863+0530][gc,marking  ] GC(2) Concurrent Preclean 0.014ms
[2025-06-29T16:58:46.863+0530][gc,start    ] GC(2) Pause Remark
[2025-06-29T16:58:46.864+0530][gc          ] GC(2) Pause Remark 8M->8M(1024M) 0.927ms
[2025-06-29T16:58:46.864+0530][gc,cpu      ] GC(2) User=0.00s Sys=0.00s Real=0.00s
[2025-06-29T16:58:46.864+0530][gc,marking  ] GC(2) Concurrent Mark 1.598ms
[2025-06-29T16:58:46.864+0530][gc,marking  ] GC(2) Concurrent Rebuild Remembered Sets
[2025-06-29T16:58:46.865+0530][gc,marking  ] GC(2) Concurrent Rebuild Remembered Sets 1.279ms
[2025-06-29T16:58:46.865+0530][gc,start    ] GC(2) Pause Cleanup
[2025-06-29T16:58:46.865+0530][gc          ] GC(2) Pause Cleanup 9M->9M(1024M) 0.077ms
[2025-06-29T16:58:46.865+0530][gc,cpu      ] GC(2) User=0.00s Sys=0.00s Real=0.00s
[2025-06-29T16:58:46.865+0530][gc,marking  ] GC(2) Concurrent Cleanup for Next Mark
[2025-06-29T16:58:46.866+0530][gc,marking  ] GC(2) Concurrent Cleanup for Next Mark 1.214ms
[2025-06-29T16:58:46.866+0530][gc          ] GC(2) Concurrent Mark Cycle 5.728ms
[2025-06-29T16:58:47.245+0530][gc,start    ] GC(3) Pause Young (Normal) (G1 Evacuation Pause)
[2025-06-29T16:58:47.245+0530][gc,task     ] GC(3) Using 8 workers of 8 for evacuation
[2025-06-29T16:58:47.247+0530][gc,phases   ] GC(3)   Pre Evacuate Collection Set: 0.2ms
[2025-06-29T16:58:47.248+0530][gc,phases   ] GC(3)   Merge Heap Roots: 0.0ms
[2025-06-29T16:58:47.248+0530][gc,phases   ] GC(3)   Evacuate Collection Set: 2.3ms
[2025-06-29T16:58:47.248+0530][gc,phases   ] GC(3)   Post Evacuate Collection Set: 0.2ms
[2025-06-29T16:58:47.248+0530][gc,phases   ] GC(3)   Other: 0.1ms
[2025-06-29T16:58:47.248+0530][gc,heap     ] GC(3) Eden regions: 50->0(45)
[2025-06-29T16:58:47.248+0530][gc,heap     ] GC(3) Survivor regions: 1->6(7)
[2025-06-29T16:58:47.248+0530][gc,heap     ] GC(3) Old regions: 7->7
[2025-06-29T16:58:47.248+0530][gc,heap     ] GC(3) Archive regions: 2->2
[2025-06-29T16:58:47.248+0530][gc,heap     ] GC(3) Humongous regions: 129->129
[2025-06-29T16:58:47.248+0530][gc,metaspace] GC(3) Metaspace: 31922K(32128K)->31922K(32128K) NonClass: 28399K(28544K)->28399K(28544K) Class: 3523K(3584K)->3523K(3584K)
[2025-06-29T16:58:47.248+0530][gc          ] GC(3) Pause Young (Normal) (G1 Evacuation Pause) 187M->142M(1024M) 2.907ms
[2025-06-29T16:58:47.248+0530][gc,cpu      ] GC(3) User=0.02s Sys=0.00s Real=0.00s
[2025-06-29T16:58:56.898+0530][gc,start    ] GC(4) Pause Young (Concurrent Start) (Metadata GC Threshold)
[2025-06-29T16:58:56.899+0530][gc,task     ] GC(4) Using 8 workers of 8 for evacuation
[2025-06-29T16:58:56.913+0530][gc,phases   ] GC(4)   Pre Evacuate Collection Set: 0.4ms
[2025-06-29T16:58:56.913+0530][gc,phases   ] GC(4)   Merge Heap Roots: 0.1ms
[2025-06-29T16:58:56.913+0530][gc,phases   ] GC(4)   Evacuate Collection Set: 12.1ms
[2025-06-29T16:58:56.913+0530][gc,phases   ] GC(4)   Post Evacuate Collection Set: 0.9ms
[2025-06-29T16:58:56.913+0530][gc,phases   ] GC(4)   Other: 1.8ms
[2025-06-29T16:58:56.913+0530][gc,heap     ] GC(4) Eden regions: 23->0(49)
[2025-06-29T16:58:56.913+0530][gc,heap     ] GC(4) Survivor regions: 6->2(7)
[2025-06-29T16:58:56.913+0530][gc,heap     ] GC(4) Old regions: 7->13
[2025-06-29T16:58:56.913+0530][gc,heap     ] GC(4) Archive regions: 2->2
[2025-06-29T16:58:56.913+0530][gc,heap     ] GC(4) Humongous regions: 135->129
[2025-06-29T16:58:56.913+0530][gc,metaspace] GC(4) Metaspace: 35569K(35968K)->35569K(35968K) NonClass: 31531K(31744K)->31531K(31744K) Class: 4037K(4224K)->4037K(4224K)
[2025-06-29T16:58:56.913+0530][gc          ] GC(4) Pause Young (Concurrent Start) (Metadata GC Threshold) 171M->143M(1024M) 15.400ms
[2025-06-29T16:58:56.913+0530][gc,cpu      ] GC(4) User=0.04s Sys=0.01s Real=0.02s
[2025-06-29T16:58:56.913+0530][gc          ] GC(5) Concurrent Mark Cycle
[2025-06-29T16:58:56.913+0530][gc,marking  ] GC(5) Concurrent Clear Claimed Marks
[2025-06-29T16:58:56.914+0530][gc,marking  ] GC(5) Concurrent Clear Claimed Marks 0.029ms
[2025-06-29T16:58:56.914+0530][gc,marking  ] GC(5) Concurrent Scan Root Regions
[2025-06-29T16:58:56.916+0530][gc,marking  ] GC(5) Concurrent Scan Root Regions 2.440ms
[2025-06-29T16:58:56.916+0530][gc,marking  ] GC(5) Concurrent Mark
[2025-06-29T16:58:56.916+0530][gc,marking  ] GC(5) Concurrent Mark From Roots
[2025-06-29T16:58:56.916+0530][gc,task     ] GC(5) Using 2 workers of 2 for marking
[2025-06-29T16:58:56.922+0530][gc,marking  ] GC(5) Concurrent Mark From Roots 5.760ms
[2025-06-29T16:58:56.922+0530][gc,marking  ] GC(5) Concurrent Preclean
[2025-06-29T16:58:56.922+0530][gc,marking  ] GC(5) Concurrent Preclean 0.062ms
[2025-06-29T16:58:56.922+0530][gc,start    ] GC(5) Pause Remark
[2025-06-29T16:58:56.924+0530][gc          ] GC(5) Pause Remark 144M->144M(1024M) 1.506ms
[2025-06-29T16:58:56.924+0530][gc,cpu      ] GC(5) User=0.01s Sys=0.00s Real=0.00s
[2025-06-29T16:58:56.924+0530][gc,marking  ] GC(5) Concurrent Mark 7.629ms
[2025-06-29T16:58:56.924+0530][gc,marking  ] GC(5) Concurrent Rebuild Remembered Sets
[2025-06-29T16:58:56.930+0530][gc,marking  ] GC(5) Concurrent Rebuild Remembered Sets 6.852ms
[2025-06-29T16:58:56.931+0530][gc,start    ] GC(5) Pause Cleanup
[2025-06-29T16:58:56.931+0530][gc          ] GC(5) Pause Cleanup 144M->144M(1024M) 0.134ms
[2025-06-29T16:58:56.931+0530][gc,cpu      ] GC(5) User=0.01s Sys=0.00s Real=0.00s
[2025-06-29T16:58:56.931+0530][gc,marking  ] GC(5) Concurrent Cleanup for Next Mark
[2025-06-29T16:58:56.933+0530][gc,marking  ] GC(5) Concurrent Cleanup for Next Mark 2.344ms
[2025-06-29T16:58:56.933+0530][gc          ] GC(5) Concurrent Mark Cycle 19.754ms
[2025-06-29T17:10:08.146+0530][gc,start    ] GC(6) Pause Young (Normal) (G1 Evacuation Pause)
[2025-06-29T17:10:08.148+0530][gc,task     ] GC(6) Using 8 workers of 8 for evacuation
[2025-06-29T17:10:08.165+0530][gc,phases   ] GC(6)   Pre Evacuate Collection Set: 0.7ms
[2025-06-29T17:10:08.165+0530][gc,phases   ] GC(6)   Merge Heap Roots: 0.3ms
[2025-06-29T17:10:08.165+0530][gc,phases   ] GC(6)   Evacuate Collection Set: 14.7ms
[2025-06-29T17:10:08.165+0530][gc,phases   ] GC(6)   Post Evacuate Collection Set: 0.8ms
[2025-06-29T17:10:08.165+0530][gc,phases   ] GC(6)   Other: 2.1ms
[2025-06-29T17:10:08.165+0530][gc,heap     ] GC(6) Eden regions: 49->0(46)
[2025-06-29T17:10:08.165+0530][gc,heap     ] GC(6) Survivor regions: 2->5(7)
[2025-06-29T17:10:08.165+0530][gc,heap     ] GC(6) Old regions: 13->13
[2025-06-29T17:10:08.165+0530][gc,heap     ] GC(6) Archive regions: 2->2
[2025-06-29T17:10:08.165+0530][gc,heap     ] GC(6) Humongous regions: 129->129
[2025-06-29T17:10:08.165+0530][gc,metaspace] GC(6) Metaspace: 39425K(40000K)->39425K(40000K) NonClass: 34817K(35136K)->34817K(35136K) Class: 4607K(4864K)->4607K(4864K)
[2025-06-29T17:10:08.165+0530][gc          ] GC(6) Pause Young (Normal) (G1 Evacuation Pause) 192M->146M(1024M) 18.860ms
[2025-06-29T17:10:08.165+0530][gc,cpu      ] GC(6) User=0.04s Sys=0.02s Real=0.02s
[2025-06-29T17:18:22.651+0530][gc,start    ] GC(7) Pause Young (Normal) (G1 Evacuation Pause)
[2025-06-29T17:18:22.652+0530][gc,task     ] GC(7) Using 8 workers of 8 for evacuation
[2025-06-29T17:18:22.661+0530][gc,phases   ] GC(7)   Pre Evacuate Collection Set: 0.2ms
[2025-06-29T17:18:22.661+0530][gc,phases   ] GC(7)   Merge Heap Roots: 0.1ms
[2025-06-29T17:18:22.661+0530][gc,phases   ] GC(7)   Evacuate Collection Set: 7.9ms
[2025-06-29T17:18:22.661+0530][gc,phases   ] GC(7)   Post Evacuate Collection Set: 0.5ms
[2025-06-29T17:18:22.661+0530][gc,phases   ] GC(7)   Other: 1.6ms
[2025-06-29T17:18:22.661+0530][gc,heap     ] GC(7) Eden regions: 46->0(47)
[2025-06-29T17:18:22.661+0530][gc,heap     ] GC(7) Survivor regions: 5->4(7)
[2025-06-29T17:18:22.661+0530][gc,heap     ] GC(7) Old regions: 13->14
[2025-06-29T17:18:22.661+0530][gc,heap     ] GC(7) Archive regions: 2->2
[2025-06-29T17:18:22.661+0530][gc,heap     ] GC(7) Humongous regions: 129->129
[2025-06-29T17:18:22.661+0530][gc,metaspace] GC(7) Metaspace: 39553K(40128K)->39553K(40128K) NonClass: 34944K(35264K)->34944K(35264K) Class: 4609K(4864K)->4609K(4864K)
[2025-06-29T17:18:22.661+0530][gc          ] GC(7) Pause Young (Normal) (G1 Evacuation Pause) 192M->147M(1024M) 10.488ms
[2025-06-29T17:18:22.661+0530][gc,cpu      ] GC(7) User=0.02s Sys=0.00s Real=0.01s
[2025-06-29T17:27:36.570+0530][gc,start    ] GC(8) Pause Young (Normal) (G1 Evacuation Pause)
[2025-06-29T17:27:36.572+0530][gc,task     ] GC(8) Using 8 workers of 8 for evacuation
[2025-06-29T17:27:36.581+0530][gc,phases   ] GC(8)   Pre Evacuate Collection Set: 0.4ms
[2025-06-29T17:27:36.581+0530][gc,phases   ] GC(8)   Merge Heap Roots: 0.1ms
[2025-06-29T17:27:36.581+0530][gc,phases   ] GC(8)   Evacuate Collection Set: 7.5ms
[2025-06-29T17:27:36.581+0530][gc,phases   ] GC(8)   Post Evacuate Collection Set: 0.4ms
[2025-06-29T17:27:36.581+0530][gc,phases   ] GC(8)   Other: 2.1ms
[2025-06-29T17:27:36.581+0530][gc,heap     ] GC(8) Eden regions: 47->0(49)
[2025-06-29T17:27:36.581+0530][gc,heap     ] GC(8) Survivor regions: 4->2(7)
[2025-06-29T17:27:36.581+0530][gc,heap     ] GC(8) Old regions: 14->15
[2025-06-29T17:27:36.581+0530][gc,heap     ] GC(8) Archive regions: 2->2
[2025-06-29T17:27:36.581+0530][gc,heap     ] GC(8) Humongous regions: 129->129
[2025-06-29T17:27:36.581+0530][gc,metaspace] GC(8) Metaspace: 39608K(40192K)->39608K(40192K) NonClass: 34999K(35328K)->34999K(35328K) Class: 4609K(4864K)->4609K(4864K)
[2025-06-29T17:27:36.581+0530][gc          ] GC(8) Pause Young (Normal) (G1 Evacuation Pause) 194M->146M(1024M) 10.831ms
[2025-06-29T17:27:36.581+0530][gc,cpu      ] GC(8) User=0.02s Sys=0.01s Real=0.01s
[2025-06-29T17:37:39.909+0530][gc,start    ] GC(9) Pause Young (Normal) (G1 Evacuation Pause)
[2025-06-29T17:37:39.910+0530][gc,task     ] GC(9) Using 8 workers of 8 for evacuation
[2025-06-29T17:37:39.917+0530][gc,phases   ] GC(9)   Pre Evacuate Collection Set: 0.5ms
[2025-06-29T17:37:39.917+0530][gc,phases   ] GC(9)   Merge Heap Roots: 0.2ms
[2025-06-29T17:37:39.917+0530][gc,phases   ] GC(9)   Evacuate Collection Set: 5.5ms
[2025-06-29T17:37:39.917+0530][gc,phases   ] GC(9)   Post Evacuate Collection Set: 0.5ms
[2025-06-29T17:37:39.917+0530][gc,phases   ] GC(9)   Other: 1.9ms
[2025-06-29T17:37:39.917+0530][gc,heap     ] GC(9) Eden regions: 49->0(61)
[2025-06-29T17:37:39.917+0530][gc,heap     ] GC(9) Survivor regions: 2->3(7)
[2025-06-29T17:37:39.917+0530][gc,heap     ] GC(9) Old regions: 15->15
[2025-06-29T17:37:39.917+0530][gc,heap     ] GC(9) Archive regions: 2->2
[2025-06-29T17:37:39.917+0530][gc,heap     ] GC(9) Humongous regions: 129->129
[2025-06-29T17:37:39.918+0530][gc,metaspace] GC(9) Metaspace: 39654K(40192K)->39654K(40192K) NonClass: 35045K(35328K)->35045K(35328K) Class: 4609K(4864K)->4609K(4864K)
[2025-06-29T17:37:39.918+0530][gc          ] GC(9) Pause Young (Normal) (G1 Evacuation Pause) 195M->147M(1024M) 8.998ms
[2025-06-29T17:37:39.918+0530][gc,cpu      ] GC(9) User=0.01s Sys=0.01s Real=0.01s
[2025-06-29T18:09:48.056+0530][gc,start    ] GC(10) Pause Young (Normal) (G1 Evacuation Pause)
[2025-06-29T18:09:48.057+0530][gc,task     ] GC(10) Using 8 workers of 8 for evacuation
[2025-06-29T18:09:48.068+0530][gc,phases   ] GC(10)   Pre Evacuate Collection Set: 0.9ms
[2025-06-29T18:09:48.068+0530][gc,phases   ] GC(10)   Merge Heap Roots: 0.3ms
[2025-06-29T18:09:48.068+0530][gc,phases   ] GC(10)   Evacuate Collection Set: 8.2ms
[2025-06-29T18:09:48.068+0530][gc,phases   ] GC(10)   Post Evacuate Collection Set: 0.5ms
[2025-06-29T18:09:48.068+0530][gc,phases   ] GC(10)   Other: 2.3ms
[2025-06-29T18:09:48.068+0530][gc,heap     ] GC(10) Eden regions: 61->0(118)
[2025-06-29T18:09:48.068+0530][gc,heap     ] GC(10) Survivor regions: 3->3(8)
[2025-06-29T18:09:48.068+0530][gc,heap     ] GC(10) Old regions: 15->15
[2025-06-29T18:09:48.068+0530][gc,heap     ] GC(10) Archive regions: 2->2
[2025-06-29T18:09:48.068+0530][gc,heap     ] GC(10) Humongous regions: 129->129
[2025-06-29T18:09:48.068+0530][gc,metaspace] GC(10) Metaspace: 39707K(40320K)->39707K(40320K) NonClass: 35098K(35456K)->35098K(35456K) Class: 4609K(4864K)->4609K(4864K)
[2025-06-29T18:09:48.068+0530][gc          ] GC(10) Pause Young (Normal) (G1 Evacuation Pause) 208M->147M(1024M) 12.733ms
[2025-06-29T18:09:48.068+0530][gc,cpu      ] GC(10) User=0.03s Sys=0.01s Real=0.01s
[2025-06-29T18:34:03.010+0530][gc,start    ] GC(11) Pause Young (Normal) (G1 Evacuation Pause)
[2025-06-29T18:34:03.012+0530][gc,task     ] GC(11) Using 8 workers of 8 for evacuation
[2025-06-29T18:34:03.028+0530][gc,phases   ] GC(11)   Pre Evacuate Collection Set: 1.0ms
[2025-06-29T18:34:03.029+0530][gc,phases   ] GC(11)   Merge Heap Roots: 0.2ms
[2025-06-29T18:34:03.029+0530][gc,phases   ] GC(11)   Evacuate Collection Set: 14.2ms
[2025-06-29T18:34:03.029+0530][gc,phases   ] GC(11)   Post Evacuate Collection Set: 1.0ms
[2025-06-29T18:34:03.029+0530][gc,phases   ] GC(11)   Other: 1.8ms
[2025-06-29T18:34:03.029+0530][gc,heap     ] GC(11) Eden regions: 118->0(63)
[2025-06-29T18:34:03.029+0530][gc,heap     ] GC(11) Survivor regions: 3->4(16)
[2025-06-29T18:34:03.029+0530][gc,heap     ] GC(11) Old regions: 15->15
[2025-06-29T18:34:03.029+0530][gc,heap     ] GC(11) Archive regions: 2->2
[2025-06-29T18:34:03.029+0530][gc,heap     ] GC(11) Humongous regions: 129->129
[2025-06-29T18:34:03.029+0530][gc,metaspace] GC(11) Metaspace: 39808K(40384K)->39808K(40384K) NonClass: 35192K(35520K)->35192K(35520K) Class: 4616K(4864K)->4616K(4864K)
[2025-06-29T18:34:03.029+0530][gc          ] GC(11) Pause Young (Normal) (G1 Evacuation Pause) 265M->148M(1024M) 18.399ms
[2025-06-29T18:34:03.029+0530][gc,cpu      ] GC(11) User=0.02s Sys=0.03s Real=0.01s
[2025-06-29T18:47:12.768+0530][gc,start    ] GC(12) Pause Young (Normal) (G1 Evacuation Pause)
[2025-06-29T18:47:12.769+0530][gc,task     ] GC(12) Using 8 workers of 8 for evacuation
[2025-06-29T18:47:12.783+0530][gc,phases   ] GC(12)   Pre Evacuate Collection Set: 0.8ms
[2025-06-29T18:47:12.783+0530][gc,phases   ] GC(12)   Merge Heap Roots: 0.3ms
[2025-06-29T18:47:12.783+0530][gc,phases   ] GC(12)   Evacuate Collection Set: 11.1ms
[2025-06-29T18:47:12.783+0530][gc,phases   ] GC(12)   Post Evacuate Collection Set: 0.6ms
[2025-06-29T18:47:12.783+0530][gc,phases   ] GC(12)   Other: 2.0ms
[2025-06-29T18:47:12.783+0530][gc,heap     ] GC(12) Eden regions: 63->0(73)
[2025-06-29T18:47:12.783+0530][gc,heap     ] GC(12) Survivor regions: 4->4(9)
[2025-06-29T18:47:12.783+0530][gc,heap     ] GC(12) Old regions: 15->15
[2025-06-29T18:47:12.783+0530][gc,heap     ] GC(12) Archive regions: 2->2
[2025-06-29T18:47:12.783+0530][gc,heap     ] GC(12) Humongous regions: 129->129
[2025-06-29T18:47:12.783+0530][gc,metaspace] GC(12) Metaspace: 39812K(40384K)->39812K(40384K) NonClass: 35196K(35520K)->35196K(35520K) Class: 4616K(4864K)->4616K(4864K)
[2025-06-29T18:47:12.783+0530][gc          ] GC(12) Pause Young (Normal) (G1 Evacuation Pause) 211M->148M(1024M) 15.103ms
[2025-06-29T18:47:12.783+0530][gc,cpu      ] GC(12) User=0.02s Sys=0.02s Real=0.02s
[2025-06-29T22:55:52.267+0530][gc,start    ] GC(13) Pause Young (Normal) (G1 Evacuation Pause)
[2025-06-29T22:55:52.269+0530][gc,task     ] GC(13) Using 8 workers of 8 for evacuation
[2025-06-29T22:55:52.283+0530][gc,phases   ] GC(13)   Pre Evacuate Collection Set: 0.8ms
[2025-06-29T22:55:52.283+0530][gc,phases   ] GC(13)   Merge Heap Roots: 0.5ms
[2025-06-29T22:55:52.283+0530][gc,phases   ] GC(13)   Evacuate Collection Set: 11.2ms
[2025-06-29T22:55:52.283+0530][gc,phases   ] GC(13)   Post Evacuate Collection Set: 1.2ms
[2025-06-29T22:55:52.283+0530][gc,phases   ] GC(13)   Other: 2.4ms
[2025-06-29T22:55:52.283+0530][gc,heap     ] GC(13) Eden regions: 73->0(85)
[2025-06-29T22:55:52.283+0530][gc,heap     ] GC(13) Survivor regions: 4->5(10)
[2025-06-29T22:55:52.283+0530][gc,heap     ] GC(13) Old regions: 15->15
[2025-06-29T22:55:52.283+0530][gc,heap     ] GC(13) Archive regions: 2->2
[2025-06-29T22:55:52.283+0530][gc,heap     ] GC(13) Humongous regions: 129->129
[2025-06-29T22:55:52.283+0530][gc,metaspace] GC(13) Metaspace: 39889K(40448K)->39889K(40448K) NonClass: 35272K(35584K)->35272K(35584K) Class: 4617K(4864K)->4617K(4864K)
[2025-06-29T22:55:52.283+0530][gc          ] GC(13) Pause Young (Normal) (G1 Evacuation Pause) 221M->149M(1024M) 16.242ms
[2025-06-29T22:55:52.283+0530][gc,cpu      ] GC(13) User=0.03s Sys=0.02s Real=0.02s
[2025-06-30T08:42:08.352+0530][gc,start    ] GC(14) Pause Young (Normal) (G1 Evacuation Pause)
[2025-06-30T08:42:08.353+0530][gc,task     ] GC(14) Using 8 workers of 8 for evacuation
[2025-06-30T08:42:08.363+0530][gc,phases   ] GC(14)   Pre Evacuate Collection Set: 1.9ms
[2025-06-30T08:42:08.364+0530][gc,phases   ] GC(14)   Merge Heap Roots: 0.7ms
[2025-06-30T08:42:08.364+0530][gc,phases   ] GC(14)   Evacuate Collection Set: 7.4ms
[2025-06-30T08:42:08.364+0530][gc,phases   ] GC(14)   Post Evacuate Collection Set: 0.5ms
[2025-06-30T08:42:08.364+0530][gc,phases   ] GC(14)   Other: 1.1ms
[2025-06-30T08:42:08.364+0530][gc,heap     ] GC(14) Eden regions: 85->0(363)
[2025-06-30T08:42:08.364+0530][gc,heap     ] GC(14) Survivor regions: 5->4(12)
[2025-06-30T08:42:08.364+0530][gc,heap     ] GC(14) Old regions: 15->15
[2025-06-30T08:42:08.364+0530][gc,heap     ] GC(14) Archive regions: 2->2
[2025-06-30T08:42:08.364+0530][gc,heap     ] GC(14) Humongous regions: 129->129
[2025-06-30T08:42:08.364+0530][gc,metaspace] GC(14) Metaspace: 39991K(40576K)->39991K(40576K) NonClass: 35374K(35712K)->35374K(35712K) Class: 4617K(4864K)->4617K(4864K)
[2025-06-30T08:42:08.364+0530][gc          ] GC(14) Pause Young (Normal) (G1 Evacuation Pause) 234M->148M(1024M) 11.703ms
[2025-06-30T08:42:08.364+0530][gc,cpu      ] GC(14) User=0.02s Sys=0.02s Real=0.01s
[2025-06-30T11:55:18.700+0530][gc,start    ] GC(15) Pause Young (Normal) (G1 Evacuation Pause)
[2025-06-30T11:55:18.702+0530][gc,task     ] GC(15) Using 8 workers of 8 for evacuation
[2025-06-30T11:55:18.718+0530][gc,phases   ] GC(15)   Pre Evacuate Collection Set: 0.9ms
[2025-06-30T11:55:18.718+0530][gc,phases   ] GC(15)   Merge Heap Roots: 0.7ms
[2025-06-30T11:55:18.718+0530][gc,phases   ] GC(15)   Evacuate Collection Set: 12.5ms
[2025-06-30T11:55:18.718+0530][gc,phases   ] GC(15)   Post Evacuate Collection Set: 0.9ms
[2025-06-30T11:55:18.718+0530][gc,phases   ] GC(15)   Other: 2.2ms
[2025-06-30T11:55:18.718+0530][gc,heap     ] GC(15) Eden regions: 363->0(312)
[2025-06-30T11:55:18.718+0530][gc,heap     ] GC(15) Survivor regions: 4->5(46)
[2025-06-30T11:55:18.718+0530][gc,heap     ] GC(15) Old regions: 15->15
[2025-06-30T11:55:18.718+0530][gc,heap     ] GC(15) Archive regions: 2->2
[2025-06-30T11:55:18.718+0530][gc,heap     ] GC(15) Humongous regions: 129->129
[2025-06-30T11:55:18.718+0530][gc,metaspace] GC(15) Metaspace: 40123K(40704K)->40123K(40704K) NonClass: 35498K(35840K)->35498K(35840K) Class: 4624K(4864K)->4624K(4864K)
[2025-06-30T11:55:18.718+0530][gc          ] GC(15) Pause Young (Normal) (G1 Evacuation Pause) 511M->149M(1024M) 17.536ms
[2025-06-30T11:55:18.718+0530][gc,cpu      ] GC(15) User=0.03s Sys=0.02s Real=0.01s
[2025-06-30T13:44:14.198+0530][gc,start    ] GC(16) Pause Young (Normal) (G1 Evacuation Pause)
[2025-06-30T13:44:14.199+0530][gc,task     ] GC(16) Using 8 workers of 8 for evacuation
[2025-06-30T13:44:14.213+0530][gc,phases   ] GC(16)   Pre Evacuate Collection Set: 0.7ms
[2025-06-30T13:44:14.213+0530][gc,phases   ] GC(16)   Merge Heap Roots: 0.4ms
[2025-06-30T13:44:14.213+0530][gc,phases   ] GC(16)   Evacuate Collection Set: 10.9ms
[2025-06-30T13:44:14.213+0530][gc,phases   ] GC(16)   Post Evacuate Collection Set: 1.1ms
[2025-06-30T13:44:14.213+0530][gc,phases   ] GC(16)   Other: 2.6ms
[2025-06-30T13:44:14.213+0530][gc,heap     ] GC(16) Eden regions: 312->0(595)
[2025-06-30T13:44:14.213+0530][gc,heap     ] GC(16) Survivor regions: 5->5(40)
[2025-06-30T13:44:14.213+0530][gc,heap     ] GC(16) Old regions: 15->15
[2025-06-30T13:44:14.213+0530][gc,heap     ] GC(16) Archive regions: 2->2
[2025-06-30T13:44:14.213+0530][gc,heap     ] GC(16) Humongous regions: 129->129
[2025-06-30T13:44:14.213+0530][gc,metaspace] GC(16) Metaspace: 40149K(40704K)->40149K(40704K) NonClass: 35524K(35840K)->35524K(35840K) Class: 4624K(4864K)->4624K(4864K)
[2025-06-30T13:44:14.214+0530][gc          ] GC(16) Pause Young (Normal) (G1 Evacuation Pause) 461M->149M(1024M) 16.525ms
[2025-06-30T13:44:14.214+0530][gc,cpu      ] GC(16) User=0.03s Sys=0.02s Real=0.02s
[2025-06-30T19:26:02.814+0530][gc,start    ] GC(17) Pause Young (Normal) (G1 Evacuation Pause)
[2025-06-30T19:26:02.815+0530][gc,task     ] GC(17) Using 8 workers of 8 for evacuation
[2025-06-30T19:26:02.838+0530][gc,mmu      ] GC(17) MMU target violated: 21.0ms (20.0ms/21.0ms)
[2025-06-30T19:26:02.838+0530][gc,phases   ] GC(17)   Pre Evacuate Collection Set: 1.1ms
[2025-06-30T19:26:02.838+0530][gc,phases   ] GC(17)   Merge Heap Roots: 0.9ms
[2025-06-30T19:26:02.838+0530][gc,phases   ] GC(17)   Evacuate Collection Set: 18.8ms
[2025-06-30T19:26:02.838+0530][gc,phases   ] GC(17)   Post Evacuate Collection Set: 1.5ms
[2025-06-30T19:26:02.838+0530][gc,phases   ] GC(17)   Other: 2.9ms
[2025-06-30T19:26:02.838+0530][gc,heap     ] GC(17) Eden regions: 595->0(609)
[2025-06-30T19:26:02.838+0530][gc,heap     ] GC(17) Survivor regions: 5->5(75)
[2025-06-30T19:26:02.838+0530][gc,heap     ] GC(17) Old regions: 15->15
[2025-06-30T19:26:02.838+0530][gc,heap     ] GC(17) Archive regions: 2->2
[2025-06-30T19:26:02.838+0530][gc,heap     ] GC(17) Humongous regions: 129->129
[2025-06-30T19:26:02.838+0530][gc,metaspace] GC(17) Metaspace: 40194K(40704K)->40194K(40704K) NonClass: 35569K(35840K)->35569K(35840K) Class: 4624K(4864K)->4624K(4864K)
[2025-06-30T19:26:02.838+0530][gc          ] GC(17) Pause Young (Normal) (G1 Evacuation Pause) 744M->149M(1024M) 25.376ms
[2025-06-30T19:26:02.838+0530][gc,cpu      ] GC(17) User=0.02s Sys=0.03s Real=0.02s
[2025-06-30T20:14:12.686+0530][gc,heap,exit] Heap
[2025-06-30T20:14:12.686+0530][gc,heap,exit]  garbage-first heap   total 1048576K, used 317880K [0x00000007c0000000, 0x0000000800000000)
[2025-06-30T20:14:12.687+0530][gc,heap,exit]   region size 1024K, 166 young (169984K), 5 survivors (5120K)
[2025-06-30T20:14:12.687+0530][gc,heap,exit]  Metaspace       used 40662K, committed 41216K, reserved 1114112K
[2025-06-30T20:14:12.687+0530][gc,heap,exit]   class space    used 4744K, committed 4992K, reserved 1048576K
