[2025-06-29T16:51:43.294+0530][gc] Using G1
[2025-06-29T16:51:43.295+0530][gc,init] Version: 17.0.10+11-LTS-240 (release)
[2025-06-29T16:51:43.295+0530][gc,init] CPUs: 8 total, 8 available
[2025-06-29T16:51:43.295+0530][gc,init] Memory: 16384M
[2025-06-29T16:51:43.295+0530][gc,init] Large Page Support: Disabled
[2025-06-29T16:51:43.295+0530][gc,init] NUMA Support: Disabled
[2025-06-29T16:51:43.295+0530][gc,init] Compressed Oops: Enabled (Zero based)
[2025-06-29T16:51:43.295+0530][gc,init] Heap Region Size: 1M
[2025-06-29T16:51:43.295+0530][gc,init] Heap Min Capacity: 512M
[2025-06-29T16:51:43.295+0530][gc,init] Heap Initial Capacity: 512M
[2025-06-29T16:51:43.295+0530][gc,init] Heap Max Capacity: 512M
[2025-06-29T16:51:43.295+0530][gc,init] Pre-touch: Disabled
[2025-06-29T16:51:43.295+0530][gc,init] Parallel Workers: 8
[2025-06-29T16:51:43.295+0530][gc,init] Concurrent Workers: 2
[2025-06-29T16:51:43.295+0530][gc,init] Concurrent Refinement Workers: 8
[2025-06-29T16:51:43.295+0530][gc,init] Periodic GC: Disabled
[2025-06-29T16:51:43.295+0530][gc,metaspace] CDS archive(s) mapped at: [0x0000000800000000-0x0000000800be0000-0x0000000800be0000), size 12451840, SharedBaseAddress: 0x0000000800000000, ArchiveRelocationMode: 1.
[2025-06-29T16:51:43.295+0530][gc,metaspace] Compressed class space mapped at: 0x0000000801000000-0x0000000841000000, reserved size: 1073741824
[2025-06-29T16:51:43.295+0530][gc,metaspace] Narrow klass base: 0x0000000800000000, Narrow klass shift: 0, Narrow klass range: 0x100000000
[2025-06-29T16:55:19.091+0530][gc,heap,exit] Heap
[2025-06-29T16:55:19.091+0530][gc,heap,exit]  garbage-first heap   total 524288K, used 23522K [0x00000007e0000000, 0x0000000800000000)
[2025-06-29T16:55:19.091+0530][gc,heap,exit]   region size 1024K, 23 young (23552K), 0 survivors (0K)
[2025-06-29T16:55:19.091+0530][gc,heap,exit]  Metaspace       used 7348K, committed 7488K, reserved 1114112K
[2025-06-29T16:55:19.091+0530][gc,heap,exit]   class space    used 826K, committed 896K, reserved 1048576K
