[2025-06-29T16:57:30.087+0530][gc] Using G1
[2025-06-29T16:57:30.088+0530][gc,init] Version: 17.0.10+11-LTS-240 (release)
[2025-06-29T16:57:30.088+0530][gc,init] CPUs: 8 total, 8 available
[2025-06-29T16:57:30.088+0530][gc,init] Memory: 16384M
[2025-06-29T16:57:30.088+0530][gc,init] Large Page Support: Disabled
[2025-06-29T16:57:30.088+0530][gc,init] NUMA Support: Disabled
[2025-06-29T16:57:30.088+0530][gc,init] Compressed Oops: Enabled (Zero based)
[2025-06-29T16:57:30.088+0530][gc,init] Heap Region Size: 1M
[2025-06-29T16:57:30.088+0530][gc,init] Heap Min Capacity: 512M
[2025-06-29T16:57:30.088+0530][gc,init] Heap Initial Capacity: 512M
[2025-06-29T16:57:30.088+0530][gc,init] Heap Max Capacity: 512M
[2025-06-29T16:57:30.088+0530][gc,init] Pre-touch: Disabled
[2025-06-29T16:57:30.088+0530][gc,init] Parallel Workers: 8
[2025-06-29T16:57:30.088+0530][gc,init] Concurrent Workers: 2
[2025-06-29T16:57:30.088+0530][gc,init] Concurrent Refinement Workers: 8
[2025-06-29T16:57:30.088+0530][gc,init] Periodic GC: Disabled
[2025-06-29T16:57:30.091+0530][gc,metaspace] CDS archive(s) mapped at: [0x0000007000000000-0x0000007000be0000-0x0000007000be0000), size 12451840, SharedBaseAddress: 0x0000007000000000, ArchiveRelocationMode: 1.
[2025-06-29T16:57:30.091+0530][gc,metaspace] Compressed class space mapped at: 0x0000007001000000-0x0000007041000000, reserved size: 1073741824
[2025-06-29T16:57:30.091+0530][gc,metaspace] Narrow klass base: 0x0000007000000000, Narrow klass shift: 0, Narrow klass range: 0x100000000
[2025-06-29T16:58:46.614+0530][gc,start    ] GC(0) Pause Young (Normal) (G1 Evacuation Pause)
[2025-06-29T16:58:46.614+0530][gc,task     ] GC(0) Using 8 workers of 8 for evacuation
[2025-06-29T16:58:46.616+0530][gc,phases   ] GC(0)   Pre Evacuate Collection Set: 0.1ms
[2025-06-29T16:58:46.616+0530][gc,phases   ] GC(0)   Merge Heap Roots: 0.0ms
[2025-06-29T16:58:46.616+0530][gc,phases   ] GC(0)   Evacuate Collection Set: 2.1ms
[2025-06-29T16:58:46.616+0530][gc,phases   ] GC(0)   Post Evacuate Collection Set: 0.1ms
[2025-06-29T16:58:46.616+0530][gc,phases   ] GC(0)   Other: 0.4ms
[2025-06-29T16:58:46.616+0530][gc,heap     ] GC(0) Eden regions: 25->0(21)
[2025-06-29T16:58:46.616+0530][gc,heap     ] GC(0) Survivor regions: 0->4(4)
[2025-06-29T16:58:46.616+0530][gc,heap     ] GC(0) Old regions: 0->2
[2025-06-29T16:58:46.616+0530][gc,heap     ] GC(0) Archive regions: 2->2
[2025-06-29T16:58:46.616+0530][gc,heap     ] GC(0) Humongous regions: 0->0
[2025-06-29T16:58:46.616+0530][gc,metaspace] GC(0) Metaspace: 7521K(7744K)->7521K(7744K) NonClass: 6671K(6784K)->6671K(6784K) Class: 850K(960K)->850K(960K)
[2025-06-29T16:58:46.616+0530][gc          ] GC(0) Pause Young (Normal) (G1 Evacuation Pause) 25M->6M(512M) 2.754ms
[2025-06-29T16:58:46.616+0530][gc,cpu      ] GC(0) User=0.01s Sys=0.00s Real=0.00s
[2025-06-30T16:02:10.844+0530][gc,start    ] GC(1) Pause Young (Normal) (G1 Evacuation Pause)
[2025-06-30T16:02:10.846+0530][gc,task     ] GC(1) Using 8 workers of 8 for evacuation
[2025-06-30T16:02:10.858+0530][gc,phases   ] GC(1)   Pre Evacuate Collection Set: 0.7ms
[2025-06-30T16:02:10.858+0530][gc,phases   ] GC(1)   Merge Heap Roots: 0.3ms
[2025-06-30T16:02:10.858+0530][gc,phases   ] GC(1)   Evacuate Collection Set: 10.1ms
[2025-06-30T16:02:10.858+0530][gc,phases   ] GC(1)   Post Evacuate Collection Set: 0.6ms
[2025-06-30T16:02:10.858+0530][gc,phases   ] GC(1)   Other: 2.9ms
[2025-06-30T16:02:10.858+0530][gc,heap     ] GC(1) Eden regions: 21->0(24)
[2025-06-30T16:02:10.858+0530][gc,heap     ] GC(1) Survivor regions: 4->1(4)
[2025-06-30T16:02:10.858+0530][gc,heap     ] GC(1) Old regions: 2->7
[2025-06-30T16:02:10.858+0530][gc,heap     ] GC(1) Archive regions: 2->2
[2025-06-30T16:02:10.858+0530][gc,heap     ] GC(1) Humongous regions: 0->0
[2025-06-30T16:02:10.858+0530][gc,metaspace] GC(1) Metaspace: 8101K(8256K)->8101K(8256K) NonClass: 7232K(7296K)->7232K(7296K) Class: 868K(960K)->868K(960K)
[2025-06-30T16:02:10.858+0530][gc          ] GC(1) Pause Young (Normal) (G1 Evacuation Pause) 27M->7M(512M) 15.153ms
[2025-06-30T16:02:10.858+0530][gc,cpu      ] GC(1) User=0.02s Sys=0.02s Real=0.01s
[2025-06-30T20:14:09.833+0530][gc,heap,exit] Heap
[2025-06-30T20:14:09.833+0530][gc,heap,exit]  garbage-first heap   total 524288K, used 15052K [0x00000007e0000000, 0x0000000800000000)
[2025-06-30T20:14:09.833+0530][gc,heap,exit]   region size 1024K, 9 young (9216K), 1 survivors (1024K)
[2025-06-30T20:14:09.833+0530][gc,heap,exit]  Metaspace       used 8104K, committed 8256K, reserved 1114112K
[2025-06-30T20:14:09.833+0530][gc,heap,exit]   class space    used 868K, committed 960K, reserved 1048576K
